D:/TouchGFXProjects/FlappyHust/Core/Src/main.c:1083:13:SPI5_Write	16	static
D:/TouchGFXProjects/FlappyHust/Core/Src/main.c:1209:6:StartDefaultTask	16	static
D:/TouchGFXProjects/FlappyHust/Core/Src/main.c:1237:6:StartBuzzerTask	8	static
D:/TouchGFXProjects/FlappyHust/Core/Src/main.c:287:6:SystemClock_Config	96	static
D:/TouchGFXProjects/FlappyHust/Core/Src/main.c:183:5:main	120	static
D:/TouchGFXProjects/FlappyHust/Core/Src/main.c:927:6:IOE_Init	0	static
D:/TouchGFXProjects/FlappyHust/Core/Src/main.c:936:6:IOE_ITConfig	0	static
D:/TouchGFXProjects/FlappyHust/Core/Src/main.c:948:6:IOE_Write	32	static
D:/TouchGFXProjects/FlappyHust/Core/Src/main.c:959:9:IOE_Read	32	static
D:/TouchGFXProjects/FlappyHust/Core/Src/main.c:972:10:IOE_ReadMultiple	24	static
D:/TouchGFXProjects/FlappyHust/Core/Src/main.c:981:6:IOE_Delay	0	static
D:/TouchGFXProjects/FlappyHust/Core/Src/main.c:1109:6:LCD_IO_Init	8	static
D:/TouchGFXProjects/FlappyHust/Core/Src/main.c:1119:6:LCD_IO_WriteData	8	static
D:/TouchGFXProjects/FlappyHust/Core/Src/main.c:1135:6:LCD_IO_WriteReg	8	static
D:/TouchGFXProjects/FlappyHust/Core/Src/main.c:1154:10:LCD_IO_ReadData	24	static
D:/TouchGFXProjects/FlappyHust/Core/Src/main.c:1181:6:LCD_Delay	0	static
D:/TouchGFXProjects/FlappyHust/Core/Src/main.c:1186:6:Buzzer_SetFrequency	0	static
D:/TouchGFXProjects/FlappyHust/Core/Src/main.c:1296:6:HAL_TIM_PeriodElapsedCallback	0	static
D:/TouchGFXProjects/FlappyHust/Core/Src/main.c:1314:6:Error_Handler	0	static
