D:/TouchGFXProjects/FlappyHust/Core/Src/stm32f4xx_hal_msp.c:63:6:HAL_MspInit	8	static
D:/TouchGFXProjects/FlappyHust/Core/Src/stm32f4xx_hal_msp.c:88:6:HAL_ADC_MspInit	48	static
D:/TouchGFXProjects/FlappyHust/Core/Src/stm32f4xx_hal_msp.c:148:6:HAL_ADC_MspDeInit	0	static
D:/TouchGFXProjects/FlappyHust/Core/Src/stm32f4xx_hal_msp.c:211:6:HAL_CRC_MspInit	8	static
D:/TouchGFXProjects/FlappyHust/Core/Src/stm32f4xx_hal_msp.c:234:6:HAL_CRC_MspDeInit	0	static
D:/TouchGFXProjects/FlappyHust/Core/Src/stm32f4xx_hal_msp.c:256:6:HAL_DMA2D_MspInit	16	static
D:/TouchGFXProjects/FlappyHust/Core/Src/stm32f4xx_hal_msp.c:282:6:HAL_DMA2D_MspDeInit	0	static
D:/TouchGFXProjects/FlappyHust/Core/Src/stm32f4xx_hal_msp.c:307:6:HAL_I2C_MspInit	64	static
D:/TouchGFXProjects/FlappyHust/Core/Src/stm32f4xx_hal_msp.c:356:6:HAL_I2C_MspDeInit	8	static
D:/TouchGFXProjects/FlappyHust/Core/Src/stm32f4xx_hal_msp.c:387:6:HAL_LTDC_MspInit	120	static
D:/TouchGFXProjects/FlappyHust/Core/Src/stm32f4xx_hal_msp.c:513:6:HAL_LTDC_MspDeInit	8	static
D:/TouchGFXProjects/FlappyHust/Core/Src/stm32f4xx_hal_msp.c:575:6:HAL_SPI_MspInit	40	static
D:/TouchGFXProjects/FlappyHust/Core/Src/stm32f4xx_hal_msp.c:613:6:HAL_SPI_MspDeInit	0	static
D:/TouchGFXProjects/FlappyHust/Core/Src/stm32f4xx_hal_msp.c:643:6:HAL_TIM_Base_MspInit	8	static
D:/TouchGFXProjects/FlappyHust/Core/Src/stm32f4xx_hal_msp.c:666:6:HAL_TIM_Base_MspDeInit	0	static
D:/TouchGFXProjects/FlappyHust/Core/Src/stm32f4xx_hal_msp.c:688:6:HAL_UART_MspInit	40	static
D:/TouchGFXProjects/FlappyHust/Core/Src/stm32f4xx_hal_msp.c:725:6:HAL_UART_MspDeInit	0	static
D:/TouchGFXProjects/FlappyHust/Core/Src/stm32f4xx_hal_msp.c:856:6:HAL_SDRAM_MspInit	48	static
D:/TouchGFXProjects/FlappyHust/Core/Src/stm32f4xx_hal_msp.c:942:6:HAL_SDRAM_MspDeInit	8	static
