../../Middlewares/ST/touchgfx/framework/include/touchgfx/Screen.hpp:104:18:virtual void touchgfx::Screen::afterTransition()	0	static
../../Middlewares/ST/touchgfx/framework/include/touchgfx/Screen.hpp:154:18:virtual void touchgfx::Screen::handleKeyEvent(uint8_t)	0	static
D:/TouchGFXProjects/FlappyHust/TouchGFX/gui/src/screen2_screen/Screen2View.cpp:58:6:virtual void Screen2View::tearDownScreen()	0	static
../../TouchGFX/gui/include/gui/screen2_screen/Screen2View.hpp:11:13:Screen2View::~Screen2View()	8	static
../../TouchGFX/gui/include/gui/screen2_screen/Screen2View.hpp:11:13:virtual Screen2View::~Screen2View()	8	static
../../Middlewares/ST/touchgfx/framework/include/touchgfx/Drawable.hpp:343:10:void touchgfx::Drawable::setXY(int16_t, int16_t)	16	static
D:/TouchGFXProjects/FlappyHust/TouchGFX/gui/src/screen2_screen/Screen2View.cpp:13:10:uint32_t xorshift32()	0	static
D:/TouchGFXProjects/FlappyHust/TouchGFX/gui/src/screen2_screen/Screen2View.cpp:23:1:Screen2View::Screen2View()	8	static
D:/TouchGFXProjects/FlappyHust/TouchGFX/gui/src/screen2_screen/Screen2View.cpp:46:6:virtual void Screen2View::setupScreen()	16	static
D:/TouchGFXProjects/FlappyHust/TouchGFX/gui/src/screen2_screen/Screen2View.cpp:64:6:virtual void Screen2View::ExitFromScreen2()	16	static
D:/TouchGFXProjects/FlappyHust/TouchGFX/gui/src/screen2_screen/Screen2View.cpp:96:6:virtual void Screen2View::handleTickEvent()	48	static
