../../Middlewares/ST/touchgfx/framework/include/touchgfx/Screen.hpp:104:18:virtual void touchgfx::Screen::afterTransition()	0	static
../../Middlewares/ST/touchgfx/framework/include/touchgfx/Screen.hpp:154:18:virtual void touchgfx::Screen::handleKeyEvent(uint8_t)	0	static
D:/TouchGFXProjects/FlappyHust/TouchGFX/gui/src/screen3_screen/Screen3View.cpp:19:6:virtual void Screen3View::tearDownScreen()	16	static
../../TouchGFX/gui/include/gui/screen3_screen/Screen3View.hpp:11:13:Screen3View::~Screen3View()	8	static
../../TouchGFX/gui/include/gui/screen3_screen/Screen3View.hpp:11:13:virtual Screen3View::~Screen3View()	8	static
D:/TouchGFXProjects/FlappyHust/TouchGFX/gui/src/screen3_screen/Screen3View.cpp:6:1:Screen3View::Screen3View()	8	static
D:/TouchGFXProjects/FlappyHust/TouchGFX/gui/src/screen3_screen/Screen3View.cpp:14:6:virtual void Screen3View::setupScreen()	0	static
D:/TouchGFXProjects/FlappyHust/TouchGFX/gui/src/screen3_screen/Screen3View.cpp:27:6:virtual void Screen3View::handleTickEvent()	24	static
